Archive member included because of file (symbol)

/Users/edwinfinch/pebble-dev/PebbleSDK-2.6.1/Pebble/lib/libpebble.a(tmpDC1Ifbpebble.o)
                              src/main.c.11.o (animation_schedule)

Allocating common symbols
Common symbol       size              file

invert_layer        0x4               src/main.c.11.o
bt_connected_layer  0x4               src/main.c.11.o
text_layer          0x4               src/main.c.11.o
update_at_a_glance  0x4               src/main.c.11.o
window              0x4               src/main.c.11.o
bt_connected        0x4               src/main.c.11.o
date_text_layer     0x4               src/main.c.11.o
battery_text_layer  0x4               src/main.c.11.o

Discarded input sections

 .text          0x0000000000000000        0x0 /Users/edwinfinch/pebble-dev/PebbleSDK-2.6.1/arm-cs-tools/bin/../lib/gcc/arm-none-eabi/4.7.2/thumb2/crti.o
 .bss           0x0000000000000000        0x0 /Users/edwinfinch/pebble-dev/PebbleSDK-2.6.1/arm-cs-tools/bin/../lib/gcc/arm-none-eabi/4.7.2/thumb2/crti.o
 .init          0x0000000000000000        0x4 /Users/edwinfinch/pebble-dev/PebbleSDK-2.6.1/arm-cs-tools/bin/../lib/gcc/arm-none-eabi/4.7.2/thumb2/crti.o
 .fini          0x0000000000000000        0x4 /Users/edwinfinch/pebble-dev/PebbleSDK-2.6.1/arm-cs-tools/bin/../lib/gcc/arm-none-eabi/4.7.2/thumb2/crti.o
 .text          0x0000000000000000       0xc8 /Users/edwinfinch/pebble-dev/PebbleSDK-2.6.1/arm-cs-tools/bin/../lib/gcc/arm-none-eabi/4.7.2/thumb2/crtbegin.o
 .bss           0x0000000000000000       0x1c /Users/edwinfinch/pebble-dev/PebbleSDK-2.6.1/arm-cs-tools/bin/../lib/gcc/arm-none-eabi/4.7.2/thumb2/crtbegin.o
 .init_array    0x0000000000000000        0x4 /Users/edwinfinch/pebble-dev/PebbleSDK-2.6.1/arm-cs-tools/bin/../lib/gcc/arm-none-eabi/4.7.2/thumb2/crtbegin.o
 .fini_array    0x0000000000000000        0x4 /Users/edwinfinch/pebble-dev/PebbleSDK-2.6.1/arm-cs-tools/bin/../lib/gcc/arm-none-eabi/4.7.2/thumb2/crtbegin.o
 .eh_frame      0x0000000000000000        0x0 /Users/edwinfinch/pebble-dev/PebbleSDK-2.6.1/arm-cs-tools/bin/../lib/gcc/arm-none-eabi/4.7.2/thumb2/crtbegin.o
 .jcr           0x0000000000000000        0x0 /Users/edwinfinch/pebble-dev/PebbleSDK-2.6.1/arm-cs-tools/bin/../lib/gcc/arm-none-eabi/4.7.2/thumb2/crtbegin.o
 .tm_clone_table
                0x0000000000000000        0x0 /Users/edwinfinch/pebble-dev/PebbleSDK-2.6.1/arm-cs-tools/bin/../lib/gcc/arm-none-eabi/4.7.2/thumb2/crtbegin.o
 .text          0x0000000000000000        0x0 src/main.c.11.o
 .bss           0x0000000000000000        0x0 src/main.c.11.o
 .text          0x0000000000000000        0x0 appinfo.auto.c.11.o
 .bss           0x0000000000000000        0x0 appinfo.auto.c.11.o
 .bss           0x0000000000000000        0x0 /Users/edwinfinch/pebble-dev/PebbleSDK-2.6.1/Pebble/lib/libpebble.a(tmpDC1Ifbpebble.o)
 .text.accel_data_service_subscribe__deprecated
                0x0000000000000000        0xc /Users/edwinfinch/pebble-dev/PebbleSDK-2.6.1/Pebble/lib/libpebble.a(tmpDC1Ifbpebble.o)
 .text.accel_data_service_unsubscribe
                0x0000000000000000        0xc /Users/edwinfinch/pebble-dev/PebbleSDK-2.6.1/Pebble/lib/libpebble.a(tmpDC1Ifbpebble.o)
 .text.accel_service_peek
                0x0000000000000000        0xc /Users/edwinfinch/pebble-dev/PebbleSDK-2.6.1/Pebble/lib/libpebble.a(tmpDC1Ifbpebble.o)
 .text.accel_service_set_samples_per_update
                0x0000000000000000        0xc /Users/edwinfinch/pebble-dev/PebbleSDK-2.6.1/Pebble/lib/libpebble.a(tmpDC1Ifbpebble.o)
 .text.accel_service_set_sampling_rate
                0x0000000000000000        0xc /Users/edwinfinch/pebble-dev/PebbleSDK-2.6.1/Pebble/lib/libpebble.a(tmpDC1Ifbpebble.o)
 .text.accel_tap_service_subscribe
                0x0000000000000000        0xc /Users/edwinfinch/pebble-dev/PebbleSDK-2.6.1/Pebble/lib/libpebble.a(tmpDC1Ifbpebble.o)
 .text.accel_tap_service_unsubscribe
                0x0000000000000000        0xc /Users/edwinfinch/pebble-dev/PebbleSDK-2.6.1/Pebble/lib/libpebble.a(tmpDC1Ifbpebble.o)
 .text.action_bar_layer_add_to_window
                0x0000000000000000        0xc /Users/edwinfinch/pebble-dev/PebbleSDK-2.6.1/Pebble/lib/libpebble.a(tmpDC1Ifbpebble.o)
 .text.action_bar_layer_clear_icon
                0x0000000000000000        0xc /Users/edwinfinch/pebble-dev/PebbleSDK-2.6.1/Pebble/lib/libpebble.a(tmpDC1Ifbpebble.o)
 .text.action_bar_layer_create
                0x0000000000000000        0xc /Users/edwinfinch/pebble-dev/PebbleSDK-2.6.1/Pebble/lib/libpebble.a(tmpDC1Ifbpebble.o)
 .text.action_bar_layer_destroy
                0x0000000000000000        0xc /Users/edwinfinch/pebble-dev/PebbleSDK-2.6.1/Pebble/lib/libpebble.a(tmpDC1Ifbpebble.o)
 .text.action_bar_layer_get_layer
                0x0000000000000000        0xc /Users/edwinfinch/pebble-dev/PebbleSDK-2.6.1/Pebble/lib/libpebble.a(tmpDC1Ifbpebble.o)
 .text.action_bar_layer_remove_from_window
                0x0000000000000000        0xc /Users/edwinfinch/pebble-dev/PebbleSDK-2.6.1/Pebble/lib/libpebble.a(tmpDC1Ifbpebble.o)
 .text.action_bar_layer_set_background_color
                0x0000000000000000        0xc /Users/edwinfinch/pebble-dev/PebbleSDK-2.6.1/Pebble/lib/libpebble.a(tmpDC1Ifbpebble.o)
 .text.action_bar_layer_set_click_config_provider
                0x0000000000000000        0xc /Users/edwinfinch/pebble-dev/PebbleSDK-2.6.1/Pebble/lib/libpebble.a(tmpDC1Ifbpebble.o)
 .text.action_bar_layer_set_context
                0x0000000000000000        0xc /Users/edwinfinch/pebble-dev/PebbleSDK-2.6.1/Pebble/lib/libpebble.a(tmpDC1Ifbpebble.o)
 .text.action_bar_layer_set_icon
                0x0000000000000000        0xc /Users/edwinfinch/pebble-dev/PebbleSDK-2.6.1/Pebble/lib/libpebble.a(tmpDC1Ifbpebble.o)
 .text.animation_create
                0x0000000000000000        0xc /Users/edwinfinch/pebble-dev/PebbleSDK-2.6.1/Pebble/lib/libpebble.a(tmpDC1Ifbpebble.o)
 .text.animation_destroy
                0x0000000000000000        0xc /Users/edwinfinch/pebble-dev/PebbleSDK-2.6.1/Pebble/lib/libpebble.a(tmpDC1Ifbpebble.o)
 .text.animation_get_context
                0x0000000000000000        0xc /Users/edwinfinch/pebble-dev/PebbleSDK-2.6.1/Pebble/lib/libpebble.a(tmpDC1Ifbpebble.o)
 .text.animation_is_scheduled
                0x0000000000000000        0xc /Users/edwinfinch/pebble-dev/PebbleSDK-2.6.1/Pebble/lib/libpebble.a(tmpDC1Ifbpebble.o)
 .text.animation_set_curve
                0x0000000000000000        0xc /Users/edwinfinch/pebble-dev/PebbleSDK-2.6.1/Pebble/lib/libpebble.a(tmpDC1Ifbpebble.o)
 .text.animation_set_implementation
                0x0000000000000000        0xc /Users/edwinfinch/pebble-dev/PebbleSDK-2.6.1/Pebble/lib/libpebble.a(tmpDC1Ifbpebble.o)
 .text.animation_unschedule
                0x0000000000000000        0xc /Users/edwinfinch/pebble-dev/PebbleSDK-2.6.1/Pebble/lib/libpebble.a(tmpDC1Ifbpebble.o)
 .text.app_comm_get_sniff_interval
                0x0000000000000000        0xc /Users/edwinfinch/pebble-dev/PebbleSDK-2.6.1/Pebble/lib/libpebble.a(tmpDC1Ifbpebble.o)
 .text.app_comm_set_sniff_interval
                0x0000000000000000        0xc /Users/edwinfinch/pebble-dev/PebbleSDK-2.6.1/Pebble/lib/libpebble.a(tmpDC1Ifbpebble.o)
 .text.app_message_deregister_callbacks
                0x0000000000000000        0xc /Users/edwinfinch/pebble-dev/PebbleSDK-2.6.1/Pebble/lib/libpebble.a(tmpDC1Ifbpebble.o)
 .text.app_message_open
                0x0000000000000000        0xc /Users/edwinfinch/pebble-dev/PebbleSDK-2.6.1/Pebble/lib/libpebble.a(tmpDC1Ifbpebble.o)
 .text.app_sync_deinit
                0x0000000000000000        0xc /Users/edwinfinch/pebble-dev/PebbleSDK-2.6.1/Pebble/lib/libpebble.a(tmpDC1Ifbpebble.o)
 .text.app_sync_get
                0x0000000000000000        0xc /Users/edwinfinch/pebble-dev/PebbleSDK-2.6.1/Pebble/lib/libpebble.a(tmpDC1Ifbpebble.o)
 .text.app_sync_init
                0x0000000000000000        0xc /Users/edwinfinch/pebble-dev/PebbleSDK-2.6.1/Pebble/lib/libpebble.a(tmpDC1Ifbpebble.o)
 .text.app_sync_set
                0x0000000000000000        0xc /Users/edwinfinch/pebble-dev/PebbleSDK-2.6.1/Pebble/lib/libpebble.a(tmpDC1Ifbpebble.o)
 .text.app_timer_cancel
                0x0000000000000000        0xc /Users/edwinfinch/pebble-dev/PebbleSDK-2.6.1/Pebble/lib/libpebble.a(tmpDC1Ifbpebble.o)
 .text.app_timer_register
                0x0000000000000000        0xc /Users/edwinfinch/pebble-dev/PebbleSDK-2.6.1/Pebble/lib/libpebble.a(tmpDC1Ifbpebble.o)
 .text.app_timer_reschedule
                0x0000000000000000        0xc /Users/edwinfinch/pebble-dev/PebbleSDK-2.6.1/Pebble/lib/libpebble.a(tmpDC1Ifbpebble.o)
 .text.atan2_lookup
                0x0000000000000000        0xc /Users/edwinfinch/pebble-dev/PebbleSDK-2.6.1/Pebble/lib/libpebble.a(tmpDC1Ifbpebble.o)
 .text.atoi     0x0000000000000000        0xc /Users/edwinfinch/pebble-dev/PebbleSDK-2.6.1/Pebble/lib/libpebble.a(tmpDC1Ifbpebble.o)
 .text.atol     0x0000000000000000        0xc /Users/edwinfinch/pebble-dev/PebbleSDK-2.6.1/Pebble/lib/libpebble.a(tmpDC1Ifbpebble.o)
 .text.bitmap_layer_set_alignment
                0x0000000000000000        0xc /Users/edwinfinch/pebble-dev/PebbleSDK-2.6.1/Pebble/lib/libpebble.a(tmpDC1Ifbpebble.o)
 .text.bitmap_layer_set_compositing_mode
                0x0000000000000000        0xc /Users/edwinfinch/pebble-dev/PebbleSDK-2.6.1/Pebble/lib/libpebble.a(tmpDC1Ifbpebble.o)
 .text.click_number_of_clicks_counted
                0x0000000000000000        0xc /Users/edwinfinch/pebble-dev/PebbleSDK-2.6.1/Pebble/lib/libpebble.a(tmpDC1Ifbpebble.o)
 .text.click_recognizer_get_button_id
                0x0000000000000000        0xc /Users/edwinfinch/pebble-dev/PebbleSDK-2.6.1/Pebble/lib/libpebble.a(tmpDC1Ifbpebble.o)
 .text.clock_copy_time_string
                0x0000000000000000        0xc /Users/edwinfinch/pebble-dev/PebbleSDK-2.6.1/Pebble/lib/libpebble.a(tmpDC1Ifbpebble.o)
 .text.cos_lookup
                0x0000000000000000        0xc /Users/edwinfinch/pebble-dev/PebbleSDK-2.6.1/Pebble/lib/libpebble.a(tmpDC1Ifbpebble.o)
 .text.data_logging_create
                0x0000000000000000        0xc /Users/edwinfinch/pebble-dev/PebbleSDK-2.6.1/Pebble/lib/libpebble.a(tmpDC1Ifbpebble.o)
 .text.data_logging_finish
                0x0000000000000000        0xc /Users/edwinfinch/pebble-dev/PebbleSDK-2.6.1/Pebble/lib/libpebble.a(tmpDC1Ifbpebble.o)
 .text.data_logging_log
                0x0000000000000000        0xc /Users/edwinfinch/pebble-dev/PebbleSDK-2.6.1/Pebble/lib/libpebble.a(tmpDC1Ifbpebble.o)
 .text.dict_calc_buffer_size
                0x0000000000000000        0xc /Users/edwinfinch/pebble-dev/PebbleSDK-2.6.1/Pebble/lib/libpebble.a(tmpDC1Ifbpebble.o)
 .text.dict_calc_buffer_size_from_tuplets
                0x0000000000000000        0xc /Users/edwinfinch/pebble-dev/PebbleSDK-2.6.1/Pebble/lib/libpebble.a(tmpDC1Ifbpebble.o)
 .text.dict_find
                0x0000000000000000        0xc /Users/edwinfinch/pebble-dev/PebbleSDK-2.6.1/Pebble/lib/libpebble.a(tmpDC1Ifbpebble.o)
 .text.dict_merge
                0x0000000000000000        0xc /Users/edwinfinch/pebble-dev/PebbleSDK-2.6.1/Pebble/lib/libpebble.a(tmpDC1Ifbpebble.o)
 .text.dict_read_begin_from_buffer
                0x0000000000000000        0xc /Users/edwinfinch/pebble-dev/PebbleSDK-2.6.1/Pebble/lib/libpebble.a(tmpDC1Ifbpebble.o)
 .text.dict_read_first
                0x0000000000000000        0xc /Users/edwinfinch/pebble-dev/PebbleSDK-2.6.1/Pebble/lib/libpebble.a(tmpDC1Ifbpebble.o)
 .text.dict_read_next
                0x0000000000000000        0xc /Users/edwinfinch/pebble-dev/PebbleSDK-2.6.1/Pebble/lib/libpebble.a(tmpDC1Ifbpebble.o)
 .text.dict_serialize_tuplets
                0x0000000000000000        0xc /Users/edwinfinch/pebble-dev/PebbleSDK-2.6.1/Pebble/lib/libpebble.a(tmpDC1Ifbpebble.o)
 .text.dict_serialize_tuplets_to_buffer__deprecated
                0x0000000000000000        0xc /Users/edwinfinch/pebble-dev/PebbleSDK-2.6.1/Pebble/lib/libpebble.a(tmpDC1Ifbpebble.o)
 .text.dict_serialize_tuplets_to_buffer_with_iter
                0x0000000000000000        0xc /Users/edwinfinch/pebble-dev/PebbleSDK-2.6.1/Pebble/lib/libpebble.a(tmpDC1Ifbpebble.o)
 .text.dict_write_begin
                0x0000000000000000        0xc /Users/edwinfinch/pebble-dev/PebbleSDK-2.6.1/Pebble/lib/libpebble.a(tmpDC1Ifbpebble.o)
 .text.dict_write_cstring
                0x0000000000000000        0xc /Users/edwinfinch/pebble-dev/PebbleSDK-2.6.1/Pebble/lib/libpebble.a(tmpDC1Ifbpebble.o)
 .text.dict_write_data
                0x0000000000000000        0xc /Users/edwinfinch/pebble-dev/PebbleSDK-2.6.1/Pebble/lib/libpebble.a(tmpDC1Ifbpebble.o)
 .text.dict_write_end
                0x0000000000000000        0xc /Users/edwinfinch/pebble-dev/PebbleSDK-2.6.1/Pebble/lib/libpebble.a(tmpDC1Ifbpebble.o)
 .text.dict_write_int
                0x0000000000000000        0xc /Users/edwinfinch/pebble-dev/PebbleSDK-2.6.1/Pebble/lib/libpebble.a(tmpDC1Ifbpebble.o)
 .text.dict_write_int16
                0x0000000000000000        0xc /Users/edwinfinch/pebble-dev/PebbleSDK-2.6.1/Pebble/lib/libpebble.a(tmpDC1Ifbpebble.o)
 .text.dict_write_int32
                0x0000000000000000        0xc /Users/edwinfinch/pebble-dev/PebbleSDK-2.6.1/Pebble/lib/libpebble.a(tmpDC1Ifbpebble.o)
 .text.dict_write_int8
                0x0000000000000000        0xc /Users/edwinfinch/pebble-dev/PebbleSDK-2.6.1/Pebble/lib/libpebble.a(tmpDC1Ifbpebble.o)
 .text.dict_write_tuplet
                0x0000000000000000        0xc /Users/edwinfinch/pebble-dev/PebbleSDK-2.6.1/Pebble/lib/libpebble.a(tmpDC1Ifbpebble.o)
 .text.dict_write_uint16
                0x0000000000000000        0xc /Users/edwinfinch/pebble-dev/PebbleSDK-2.6.1/Pebble/lib/libpebble.a(tmpDC1Ifbpebble.o)
 .text.dict_write_uint32
                0x0000000000000000        0xc /Users/edwinfinch/pebble-dev/PebbleSDK-2.6.1/Pebble/lib/libpebble.a(tmpDC1Ifbpebble.o)
 .text.dict_write_uint8
                0x0000000000000000        0xc /Users/edwinfinch/pebble-dev/PebbleSDK-2.6.1/Pebble/lib/libpebble.a(tmpDC1Ifbpebble.o)
 .text.free     0x0000000000000000        0xc /Users/edwinfinch/pebble-dev/PebbleSDK-2.6.1/Pebble/lib/libpebble.a(tmpDC1Ifbpebble.o)
 .text.gbitmap_create_as_sub_bitmap
                0x0000000000000000        0xc /Users/edwinfinch/pebble-dev/PebbleSDK-2.6.1/Pebble/lib/libpebble.a(tmpDC1Ifbpebble.o)
 .text.gbitmap_create_with_data
                0x0000000000000000        0xc /Users/edwinfinch/pebble-dev/PebbleSDK-2.6.1/Pebble/lib/libpebble.a(tmpDC1Ifbpebble.o)
 .text.gmtime   0x0000000000000000        0xc /Users/edwinfinch/pebble-dev/PebbleSDK-2.6.1/Pebble/lib/libpebble.a(tmpDC1Ifbpebble.o)
 .text.gpath_create
                0x0000000000000000        0xc /Users/edwinfinch/pebble-dev/PebbleSDK-2.6.1/Pebble/lib/libpebble.a(tmpDC1Ifbpebble.o)
 .text.gpath_destroy
                0x0000000000000000        0xc /Users/edwinfinch/pebble-dev/PebbleSDK-2.6.1/Pebble/lib/libpebble.a(tmpDC1Ifbpebble.o)
 .text.gpath_draw_filled_legacy
                0x0000000000000000        0xc /Users/edwinfinch/pebble-dev/PebbleSDK-2.6.1/Pebble/lib/libpebble.a(tmpDC1Ifbpebble.o)
 .text.gpath_draw_outline
                0x0000000000000000        0xc /Users/edwinfinch/pebble-dev/PebbleSDK-2.6.1/Pebble/lib/libpebble.a(tmpDC1Ifbpebble.o)
 .text.gpath_move_to
                0x0000000000000000        0xc /Users/edwinfinch/pebble-dev/PebbleSDK-2.6.1/Pebble/lib/libpebble.a(tmpDC1Ifbpebble.o)
 .text.gpath_rotate_to
                0x0000000000000000        0xc /Users/edwinfinch/pebble-dev/PebbleSDK-2.6.1/Pebble/lib/libpebble.a(tmpDC1Ifbpebble.o)
 .text.gpoint_equal
                0x0000000000000000        0xc /Users/edwinfinch/pebble-dev/PebbleSDK-2.6.1/Pebble/lib/libpebble.a(tmpDC1Ifbpebble.o)
 .text.graphics_context_set_compositing_mode
                0x0000000000000000        0xc /Users/edwinfinch/pebble-dev/PebbleSDK-2.6.1/Pebble/lib/libpebble.a(tmpDC1Ifbpebble.o)
 .text.graphics_context_set_fill_color
                0x0000000000000000        0xc /Users/edwinfinch/pebble-dev/PebbleSDK-2.6.1/Pebble/lib/libpebble.a(tmpDC1Ifbpebble.o)
 .text.graphics_context_set_stroke_color
                0x0000000000000000        0xc /Users/edwinfinch/pebble-dev/PebbleSDK-2.6.1/Pebble/lib/libpebble.a(tmpDC1Ifbpebble.o)
 .text.graphics_context_set_text_color
                0x0000000000000000        0xc /Users/edwinfinch/pebble-dev/PebbleSDK-2.6.1/Pebble/lib/libpebble.a(tmpDC1Ifbpebble.o)
 .text.graphics_draw_bitmap_in_rect
                0x0000000000000000        0xc /Users/edwinfinch/pebble-dev/PebbleSDK-2.6.1/Pebble/lib/libpebble.a(tmpDC1Ifbpebble.o)
 .text.graphics_draw_circle
                0x0000000000000000        0xc /Users/edwinfinch/pebble-dev/PebbleSDK-2.6.1/Pebble/lib/libpebble.a(tmpDC1Ifbpebble.o)
 .text.graphics_draw_line
                0x0000000000000000        0xc /Users/edwinfinch/pebble-dev/PebbleSDK-2.6.1/Pebble/lib/libpebble.a(tmpDC1Ifbpebble.o)
 .text.graphics_draw_pixel
                0x0000000000000000        0xc /Users/edwinfinch/pebble-dev/PebbleSDK-2.6.1/Pebble/lib/libpebble.a(tmpDC1Ifbpebble.o)
 .text.graphics_draw_rect
                0x0000000000000000        0xc /Users/edwinfinch/pebble-dev/PebbleSDK-2.6.1/Pebble/lib/libpebble.a(tmpDC1Ifbpebble.o)
 .text.graphics_draw_round_rect
                0x0000000000000000        0xc /Users/edwinfinch/pebble-dev/PebbleSDK-2.6.1/Pebble/lib/libpebble.a(tmpDC1Ifbpebble.o)
 .text.graphics_fill_circle
                0x0000000000000000        0xc /Users/edwinfinch/pebble-dev/PebbleSDK-2.6.1/Pebble/lib/libpebble.a(tmpDC1Ifbpebble.o)
 .text.graphics_fill_rect
                0x0000000000000000        0xc /Users/edwinfinch/pebble-dev/PebbleSDK-2.6.1/Pebble/lib/libpebble.a(tmpDC1Ifbpebble.o)
 .text.graphics_text_layout_get_max_used_size
                0x0000000000000000        0xc /Users/edwinfinch/pebble-dev/PebbleSDK-2.6.1/Pebble/lib/libpebble.a(tmpDC1Ifbpebble.o)
 .text.grect_align
                0x0000000000000000        0xc /Users/edwinfinch/pebble-dev/PebbleSDK-2.6.1/Pebble/lib/libpebble.a(tmpDC1Ifbpebble.o)
 .text.grect_center_point
                0x0000000000000000        0xc /Users/edwinfinch/pebble-dev/PebbleSDK-2.6.1/Pebble/lib/libpebble.a(tmpDC1Ifbpebble.o)
 .text.grect_clip
                0x0000000000000000        0xc /Users/edwinfinch/pebble-dev/PebbleSDK-2.6.1/Pebble/lib/libpebble.a(tmpDC1Ifbpebble.o)
 .text.grect_contains_point
                0x0000000000000000        0xc /Users/edwinfinch/pebble-dev/PebbleSDK-2.6.1/Pebble/lib/libpebble.a(tmpDC1Ifbpebble.o)
 .text.grect_crop
                0x0000000000000000        0xc /Users/edwinfinch/pebble-dev/PebbleSDK-2.6.1/Pebble/lib/libpebble.a(tmpDC1Ifbpebble.o)
 .text.grect_equal
                0x0000000000000000        0xc /Users/edwinfinch/pebble-dev/PebbleSDK-2.6.1/Pebble/lib/libpebble.a(tmpDC1Ifbpebble.o)
 .text.grect_is_empty
                0x0000000000000000        0xc /Users/edwinfinch/pebble-dev/PebbleSDK-2.6.1/Pebble/lib/libpebble.a(tmpDC1Ifbpebble.o)
 .text.grect_standardize
                0x0000000000000000        0xc /Users/edwinfinch/pebble-dev/PebbleSDK-2.6.1/Pebble/lib/libpebble.a(tmpDC1Ifbpebble.o)
 .text.gsize_equal
                0x0000000000000000        0xc /Users/edwinfinch/pebble-dev/PebbleSDK-2.6.1/Pebble/lib/libpebble.a(tmpDC1Ifbpebble.o)
 .text.inverter_layer_get_layer
                0x0000000000000000        0xc /Users/edwinfinch/pebble-dev/PebbleSDK-2.6.1/Pebble/lib/libpebble.a(tmpDC1Ifbpebble.o)
 .text.layer_create
                0x0000000000000000        0xc /Users/edwinfinch/pebble-dev/PebbleSDK-2.6.1/Pebble/lib/libpebble.a(tmpDC1Ifbpebble.o)
 .text.layer_create_with_data
                0x0000000000000000        0xc /Users/edwinfinch/pebble-dev/PebbleSDK-2.6.1/Pebble/lib/libpebble.a(tmpDC1Ifbpebble.o)
 .text.layer_destroy
                0x0000000000000000        0xc /Users/edwinfinch/pebble-dev/PebbleSDK-2.6.1/Pebble/lib/libpebble.a(tmpDC1Ifbpebble.o)
 .text.layer_get_bounds
                0x0000000000000000        0xc /Users/edwinfinch/pebble-dev/PebbleSDK-2.6.1/Pebble/lib/libpebble.a(tmpDC1Ifbpebble.o)
 .text.layer_get_clips
                0x0000000000000000        0xc /Users/edwinfinch/pebble-dev/PebbleSDK-2.6.1/Pebble/lib/libpebble.a(tmpDC1Ifbpebble.o)
 .text.layer_get_data
                0x0000000000000000        0xc /Users/edwinfinch/pebble-dev/PebbleSDK-2.6.1/Pebble/lib/libpebble.a(tmpDC1Ifbpebble.o)
 .text.layer_get_frame
                0x0000000000000000        0xc /Users/edwinfinch/pebble-dev/PebbleSDK-2.6.1/Pebble/lib/libpebble.a(tmpDC1Ifbpebble.o)
 .text.layer_get_hidden
                0x0000000000000000        0xc /Users/edwinfinch/pebble-dev/PebbleSDK-2.6.1/Pebble/lib/libpebble.a(tmpDC1Ifbpebble.o)
 .text.layer_get_window
                0x0000000000000000        0xc /Users/edwinfinch/pebble-dev/PebbleSDK-2.6.1/Pebble/lib/libpebble.a(tmpDC1Ifbpebble.o)
 .text.layer_insert_above_sibling
                0x0000000000000000        0xc /Users/edwinfinch/pebble-dev/PebbleSDK-2.6.1/Pebble/lib/libpebble.a(tmpDC1Ifbpebble.o)
 .text.layer_insert_below_sibling
                0x0000000000000000        0xc /Users/edwinfinch/pebble-dev/PebbleSDK-2.6.1/Pebble/lib/libpebble.a(tmpDC1Ifbpebble.o)
 .text.layer_mark_dirty
                0x0000000000000000        0xc /Users/edwinfinch/pebble-dev/PebbleSDK-2.6.1/Pebble/lib/libpebble.a(tmpDC1Ifbpebble.o)
 .text.layer_remove_child_layers
                0x0000000000000000        0xc /Users/edwinfinch/pebble-dev/PebbleSDK-2.6.1/Pebble/lib/libpebble.a(tmpDC1Ifbpebble.o)
 .text.layer_remove_from_parent
                0x0000000000000000        0xc /Users/edwinfinch/pebble-dev/PebbleSDK-2.6.1/Pebble/lib/libpebble.a(tmpDC1Ifbpebble.o)
 .text.layer_set_bounds
                0x0000000000000000        0xc /Users/edwinfinch/pebble-dev/PebbleSDK-2.6.1/Pebble/lib/libpebble.a(tmpDC1Ifbpebble.o)
 .text.layer_set_clips
                0x0000000000000000        0xc /Users/edwinfinch/pebble-dev/PebbleSDK-2.6.1/Pebble/lib/libpebble.a(tmpDC1Ifbpebble.o)
 .text.layer_set_frame
                0x0000000000000000        0xc /Users/edwinfinch/pebble-dev/PebbleSDK-2.6.1/Pebble/lib/libpebble.a(tmpDC1Ifbpebble.o)
 .text.layer_set_hidden
                0x0000000000000000        0xc /Users/edwinfinch/pebble-dev/PebbleSDK-2.6.1/Pebble/lib/libpebble.a(tmpDC1Ifbpebble.o)
 .text.layer_set_update_proc
                0x0000000000000000        0xc /Users/edwinfinch/pebble-dev/PebbleSDK-2.6.1/Pebble/lib/libpebble.a(tmpDC1Ifbpebble.o)
 .text.light_enable
                0x0000000000000000        0xc /Users/edwinfinch/pebble-dev/PebbleSDK-2.6.1/Pebble/lib/libpebble.a(tmpDC1Ifbpebble.o)
 .text.light_enable_interaction
                0x0000000000000000        0xc /Users/edwinfinch/pebble-dev/PebbleSDK-2.6.1/Pebble/lib/libpebble.a(tmpDC1Ifbpebble.o)
 .text.malloc   0x0000000000000000        0xc /Users/edwinfinch/pebble-dev/PebbleSDK-2.6.1/Pebble/lib/libpebble.a(tmpDC1Ifbpebble.o)
 .text.memcpy   0x0000000000000000        0xc /Users/edwinfinch/pebble-dev/PebbleSDK-2.6.1/Pebble/lib/libpebble.a(tmpDC1Ifbpebble.o)
 .text.memmove  0x0000000000000000        0xc /Users/edwinfinch/pebble-dev/PebbleSDK-2.6.1/Pebble/lib/libpebble.a(tmpDC1Ifbpebble.o)
 .text.menu_cell_basic_draw
                0x0000000000000000        0xc /Users/edwinfinch/pebble-dev/PebbleSDK-2.6.1/Pebble/lib/libpebble.a(tmpDC1Ifbpebble.o)
 .text.menu_cell_basic_header_draw
                0x0000000000000000        0xc /Users/edwinfinch/pebble-dev/PebbleSDK-2.6.1/Pebble/lib/libpebble.a(tmpDC1Ifbpebble.o)
 .text.menu_cell_title_draw
                0x0000000000000000        0xc /Users/edwinfinch/pebble-dev/PebbleSDK-2.6.1/Pebble/lib/libpebble.a(tmpDC1Ifbpebble.o)
 .text.menu_index_compare
                0x0000000000000000        0xc /Users/edwinfinch/pebble-dev/PebbleSDK-2.6.1/Pebble/lib/libpebble.a(tmpDC1Ifbpebble.o)
 .text.menu_layer_create
                0x0000000000000000        0xc /Users/edwinfinch/pebble-dev/PebbleSDK-2.6.1/Pebble/lib/libpebble.a(tmpDC1Ifbpebble.o)
 .text.menu_layer_destroy
                0x0000000000000000        0xc /Users/edwinfinch/pebble-dev/PebbleSDK-2.6.1/Pebble/lib/libpebble.a(tmpDC1Ifbpebble.o)
 .text.menu_layer_get_layer
                0x0000000000000000        0xc /Users/edwinfinch/pebble-dev/PebbleSDK-2.6.1/Pebble/lib/libpebble.a(tmpDC1Ifbpebble.o)
 .text.menu_layer_get_scroll_layer
                0x0000000000000000        0xc /Users/edwinfinch/pebble-dev/PebbleSDK-2.6.1/Pebble/lib/libpebble.a(tmpDC1Ifbpebble.o)
 .text.menu_layer_get_selected_index
                0x0000000000000000        0xc /Users/edwinfinch/pebble-dev/PebbleSDK-2.6.1/Pebble/lib/libpebble.a(tmpDC1Ifbpebble.o)
 .text.menu_layer_reload_data
                0x0000000000000000        0xc /Users/edwinfinch/pebble-dev/PebbleSDK-2.6.1/Pebble/lib/libpebble.a(tmpDC1Ifbpebble.o)
 .text.menu_layer_set_callbacks__deprecated
                0x0000000000000000        0xc /Users/edwinfinch/pebble-dev/PebbleSDK-2.6.1/Pebble/lib/libpebble.a(tmpDC1Ifbpebble.o)
 .text.menu_layer_set_click_config_onto_window
                0x0000000000000000        0xc /Users/edwinfinch/pebble-dev/PebbleSDK-2.6.1/Pebble/lib/libpebble.a(tmpDC1Ifbpebble.o)
 .text.menu_layer_set_selected_index
                0x0000000000000000        0xc /Users/edwinfinch/pebble-dev/PebbleSDK-2.6.1/Pebble/lib/libpebble.a(tmpDC1Ifbpebble.o)
 .text.menu_layer_set_selected_next
                0x0000000000000000        0xc /Users/edwinfinch/pebble-dev/PebbleSDK-2.6.1/Pebble/lib/libpebble.a(tmpDC1Ifbpebble.o)
 .text.number_window_create
                0x0000000000000000        0xc /Users/edwinfinch/pebble-dev/PebbleSDK-2.6.1/Pebble/lib/libpebble.a(tmpDC1Ifbpebble.o)
 .text.number_window_destroy
                0x0000000000000000        0xc /Users/edwinfinch/pebble-dev/PebbleSDK-2.6.1/Pebble/lib/libpebble.a(tmpDC1Ifbpebble.o)
 .text.number_window_get_value
                0x0000000000000000        0xc /Users/edwinfinch/pebble-dev/PebbleSDK-2.6.1/Pebble/lib/libpebble.a(tmpDC1Ifbpebble.o)
 .text.number_window_set_label
                0x0000000000000000        0xc /Users/edwinfinch/pebble-dev/PebbleSDK-2.6.1/Pebble/lib/libpebble.a(tmpDC1Ifbpebble.o)
 .text.number_window_set_max
                0x0000000000000000        0xc /Users/edwinfinch/pebble-dev/PebbleSDK-2.6.1/Pebble/lib/libpebble.a(tmpDC1Ifbpebble.o)
 .text.number_window_set_min
                0x0000000000000000        0xc /Users/edwinfinch/pebble-dev/PebbleSDK-2.6.1/Pebble/lib/libpebble.a(tmpDC1Ifbpebble.o)
 .text.number_window_set_step_size
                0x0000000000000000        0xc /Users/edwinfinch/pebble-dev/PebbleSDK-2.6.1/Pebble/lib/libpebble.a(tmpDC1Ifbpebble.o)
 .text.number_window_set_value
                0x0000000000000000        0xc /Users/edwinfinch/pebble-dev/PebbleSDK-2.6.1/Pebble/lib/libpebble.a(tmpDC1Ifbpebble.o)
 .text.persist_delete
                0x0000000000000000        0xc /Users/edwinfinch/pebble-dev/PebbleSDK-2.6.1/Pebble/lib/libpebble.a(tmpDC1Ifbpebble.o)
 .text.persist_get_size
                0x0000000000000000        0xc /Users/edwinfinch/pebble-dev/PebbleSDK-2.6.1/Pebble/lib/libpebble.a(tmpDC1Ifbpebble.o)
 .text.persist_read_bool
                0x0000000000000000        0xc /Users/edwinfinch/pebble-dev/PebbleSDK-2.6.1/Pebble/lib/libpebble.a(tmpDC1Ifbpebble.o)
 .text.persist_read_data__deprecated
                0x0000000000000000        0xc /Users/edwinfinch/pebble-dev/PebbleSDK-2.6.1/Pebble/lib/libpebble.a(tmpDC1Ifbpebble.o)
 .text.persist_read_string__deprecated
                0x0000000000000000        0xc /Users/edwinfinch/pebble-dev/PebbleSDK-2.6.1/Pebble/lib/libpebble.a(tmpDC1Ifbpebble.o)
 .text.persist_write_bool
                0x0000000000000000        0xc /Users/edwinfinch/pebble-dev/PebbleSDK-2.6.1/Pebble/lib/libpebble.a(tmpDC1Ifbpebble.o)
 .text.persist_write_data__deprecated
                0x0000000000000000        0xc /Users/edwinfinch/pebble-dev/PebbleSDK-2.6.1/Pebble/lib/libpebble.a(tmpDC1Ifbpebble.o)
 .text.persist_write_string
                0x0000000000000000        0xc /Users/edwinfinch/pebble-dev/PebbleSDK-2.6.1/Pebble/lib/libpebble.a(tmpDC1Ifbpebble.o)
 .text.property_animation_create
                0x0000000000000000        0xc /Users/edwinfinch/pebble-dev/PebbleSDK-2.6.1/Pebble/lib/libpebble.a(tmpDC1Ifbpebble.o)
 .text.property_animation_update_gpoint
                0x0000000000000000        0xc /Users/edwinfinch/pebble-dev/PebbleSDK-2.6.1/Pebble/lib/libpebble.a(tmpDC1Ifbpebble.o)
 .text.property_animation_update_grect
                0x0000000000000000        0xc /Users/edwinfinch/pebble-dev/PebbleSDK-2.6.1/Pebble/lib/libpebble.a(tmpDC1Ifbpebble.o)
 .text.property_animation_update_int16
                0x0000000000000000        0xc /Users/edwinfinch/pebble-dev/PebbleSDK-2.6.1/Pebble/lib/libpebble.a(tmpDC1Ifbpebble.o)
 .text.psleep   0x0000000000000000        0xc /Users/edwinfinch/pebble-dev/PebbleSDK-2.6.1/Pebble/lib/libpebble.a(tmpDC1Ifbpebble.o)
 .text.resource_load
                0x0000000000000000        0xc /Users/edwinfinch/pebble-dev/PebbleSDK-2.6.1/Pebble/lib/libpebble.a(tmpDC1Ifbpebble.o)
 .text.resource_load_byte_range
                0x0000000000000000        0xc /Users/edwinfinch/pebble-dev/PebbleSDK-2.6.1/Pebble/lib/libpebble.a(tmpDC1Ifbpebble.o)
 .text.resource_size
                0x0000000000000000        0xc /Users/edwinfinch/pebble-dev/PebbleSDK-2.6.1/Pebble/lib/libpebble.a(tmpDC1Ifbpebble.o)
 .text.rot_bitmap_layer_create
                0x0000000000000000        0xc /Users/edwinfinch/pebble-dev/PebbleSDK-2.6.1/Pebble/lib/libpebble.a(tmpDC1Ifbpebble.o)
 .text.rot_bitmap_layer_destroy
                0x0000000000000000        0xc /Users/edwinfinch/pebble-dev/PebbleSDK-2.6.1/Pebble/lib/libpebble.a(tmpDC1Ifbpebble.o)
 .text.rot_bitmap_layer_increment_angle
                0x0000000000000000        0xc /Users/edwinfinch/pebble-dev/PebbleSDK-2.6.1/Pebble/lib/libpebble.a(tmpDC1Ifbpebble.o)
 .text.rot_bitmap_layer_set_angle
                0x0000000000000000        0xc /Users/edwinfinch/pebble-dev/PebbleSDK-2.6.1/Pebble/lib/libpebble.a(tmpDC1Ifbpebble.o)
 .text.rot_bitmap_layer_set_corner_clip_color
                0x0000000000000000        0xc /Users/edwinfinch/pebble-dev/PebbleSDK-2.6.1/Pebble/lib/libpebble.a(tmpDC1Ifbpebble.o)
 .text.rot_bitmap_set_compositing_mode
                0x0000000000000000        0xc /Users/edwinfinch/pebble-dev/PebbleSDK-2.6.1/Pebble/lib/libpebble.a(tmpDC1Ifbpebble.o)
 .text.rot_bitmap_set_src_ic
                0x0000000000000000        0xc /Users/edwinfinch/pebble-dev/PebbleSDK-2.6.1/Pebble/lib/libpebble.a(tmpDC1Ifbpebble.o)
 .text.scroll_layer_add_child
                0x0000000000000000        0xc /Users/edwinfinch/pebble-dev/PebbleSDK-2.6.1/Pebble/lib/libpebble.a(tmpDC1Ifbpebble.o)
 .text.scroll_layer_create
                0x0000000000000000        0xc /Users/edwinfinch/pebble-dev/PebbleSDK-2.6.1/Pebble/lib/libpebble.a(tmpDC1Ifbpebble.o)
 .text.scroll_layer_destroy
                0x0000000000000000        0xc /Users/edwinfinch/pebble-dev/PebbleSDK-2.6.1/Pebble/lib/libpebble.a(tmpDC1Ifbpebble.o)
 .text.scroll_layer_get_content_offset
                0x0000000000000000        0xc /Users/edwinfinch/pebble-dev/PebbleSDK-2.6.1/Pebble/lib/libpebble.a(tmpDC1Ifbpebble.o)
 .text.scroll_layer_get_content_size
                0x0000000000000000        0xc /Users/edwinfinch/pebble-dev/PebbleSDK-2.6.1/Pebble/lib/libpebble.a(tmpDC1Ifbpebble.o)
 .text.scroll_layer_get_layer
                0x0000000000000000        0xc /Users/edwinfinch/pebble-dev/PebbleSDK-2.6.1/Pebble/lib/libpebble.a(tmpDC1Ifbpebble.o)
 .text.scroll_layer_get_shadow_hidden
                0x0000000000000000        0xc /Users/edwinfinch/pebble-dev/PebbleSDK-2.6.1/Pebble/lib/libpebble.a(tmpDC1Ifbpebble.o)
 .text.scroll_layer_scroll_down_click_handler
                0x0000000000000000        0xc /Users/edwinfinch/pebble-dev/PebbleSDK-2.6.1/Pebble/lib/libpebble.a(tmpDC1Ifbpebble.o)
 .text.scroll_layer_scroll_up_click_handler
                0x0000000000000000        0xc /Users/edwinfinch/pebble-dev/PebbleSDK-2.6.1/Pebble/lib/libpebble.a(tmpDC1Ifbpebble.o)
 .text.scroll_layer_set_callbacks
                0x0000000000000000        0xc /Users/edwinfinch/pebble-dev/PebbleSDK-2.6.1/Pebble/lib/libpebble.a(tmpDC1Ifbpebble.o)
 .text.scroll_layer_set_click_config_onto_window
                0x0000000000000000        0xc /Users/edwinfinch/pebble-dev/PebbleSDK-2.6.1/Pebble/lib/libpebble.a(tmpDC1Ifbpebble.o)
 .text.scroll_layer_set_content_offset
                0x0000000000000000        0xc /Users/edwinfinch/pebble-dev/PebbleSDK-2.6.1/Pebble/lib/libpebble.a(tmpDC1Ifbpebble.o)
 .text.scroll_layer_set_content_size
                0x0000000000000000        0xc /Users/edwinfinch/pebble-dev/PebbleSDK-2.6.1/Pebble/lib/libpebble.a(tmpDC1Ifbpebble.o)
 .text.scroll_layer_set_context
                0x0000000000000000        0xc /Users/edwinfinch/pebble-dev/PebbleSDK-2.6.1/Pebble/lib/libpebble.a(tmpDC1Ifbpebble.o)
 .text.scroll_layer_set_frame
                0x0000000000000000        0xc /Users/edwinfinch/pebble-dev/PebbleSDK-2.6.1/Pebble/lib/libpebble.a(tmpDC1Ifbpebble.o)
 .text.scroll_layer_set_shadow_hidden
                0x0000000000000000        0xc /Users/edwinfinch/pebble-dev/PebbleSDK-2.6.1/Pebble/lib/libpebble.a(tmpDC1Ifbpebble.o)
 .text.simple_menu_layer_create
                0x0000000000000000        0xc /Users/edwinfinch/pebble-dev/PebbleSDK-2.6.1/Pebble/lib/libpebble.a(tmpDC1Ifbpebble.o)
 .text.simple_menu_layer_destroy
                0x0000000000000000        0xc /Users/edwinfinch/pebble-dev/PebbleSDK-2.6.1/Pebble/lib/libpebble.a(tmpDC1Ifbpebble.o)
 .text.simple_menu_layer_get_layer
                0x0000000000000000        0xc /Users/edwinfinch/pebble-dev/PebbleSDK-2.6.1/Pebble/lib/libpebble.a(tmpDC1Ifbpebble.o)
 .text.simple_menu_layer_get_selected_index
                0x0000000000000000        0xc /Users/edwinfinch/pebble-dev/PebbleSDK-2.6.1/Pebble/lib/libpebble.a(tmpDC1Ifbpebble.o)
 .text.simple_menu_layer_set_selected_index
                0x0000000000000000        0xc /Users/edwinfinch/pebble-dev/PebbleSDK-2.6.1/Pebble/lib/libpebble.a(tmpDC1Ifbpebble.o)
 .text.sin_lookup
                0x0000000000000000        0xc /Users/edwinfinch/pebble-dev/PebbleSDK-2.6.1/Pebble/lib/libpebble.a(tmpDC1Ifbpebble.o)
 .text.strcat   0x0000000000000000        0xc /Users/edwinfinch/pebble-dev/PebbleSDK-2.6.1/Pebble/lib/libpebble.a(tmpDC1Ifbpebble.o)
 .text.strcmp   0x0000000000000000        0xc /Users/edwinfinch/pebble-dev/PebbleSDK-2.6.1/Pebble/lib/libpebble.a(tmpDC1Ifbpebble.o)
 .text.strlen   0x0000000000000000        0xc /Users/edwinfinch/pebble-dev/PebbleSDK-2.6.1/Pebble/lib/libpebble.a(tmpDC1Ifbpebble.o)
 .text.strncat  0x0000000000000000        0xc /Users/edwinfinch/pebble-dev/PebbleSDK-2.6.1/Pebble/lib/libpebble.a(tmpDC1Ifbpebble.o)
 .text.strncmp  0x0000000000000000        0xc /Users/edwinfinch/pebble-dev/PebbleSDK-2.6.1/Pebble/lib/libpebble.a(tmpDC1Ifbpebble.o)
 .text.strncpy  0x0000000000000000        0xc /Users/edwinfinch/pebble-dev/PebbleSDK-2.6.1/Pebble/lib/libpebble.a(tmpDC1Ifbpebble.o)
 .text.text_layer_get_content_size
                0x0000000000000000        0xc /Users/edwinfinch/pebble-dev/PebbleSDK-2.6.1/Pebble/lib/libpebble.a(tmpDC1Ifbpebble.o)
 .text.text_layer_get_text
                0x0000000000000000        0xc /Users/edwinfinch/pebble-dev/PebbleSDK-2.6.1/Pebble/lib/libpebble.a(tmpDC1Ifbpebble.o)
 .text.text_layer_set_overflow_mode
                0x0000000000000000        0xc /Users/edwinfinch/pebble-dev/PebbleSDK-2.6.1/Pebble/lib/libpebble.a(tmpDC1Ifbpebble.o)
 .text.text_layer_set_size
                0x0000000000000000        0xc /Users/edwinfinch/pebble-dev/PebbleSDK-2.6.1/Pebble/lib/libpebble.a(tmpDC1Ifbpebble.o)
 .text.time_ms  0x0000000000000000        0xc /Users/edwinfinch/pebble-dev/PebbleSDK-2.6.1/Pebble/lib/libpebble.a(tmpDC1Ifbpebble.o)
 .text.vibes_cancel
                0x0000000000000000        0xc /Users/edwinfinch/pebble-dev/PebbleSDK-2.6.1/Pebble/lib/libpebble.a(tmpDC1Ifbpebble.o)
 .text.vibes_enqueue_custom_pattern
                0x0000000000000000        0xc /Users/edwinfinch/pebble-dev/PebbleSDK-2.6.1/Pebble/lib/libpebble.a(tmpDC1Ifbpebble.o)
 .text.window_get_click_config_provider
                0x0000000000000000        0xc /Users/edwinfinch/pebble-dev/PebbleSDK-2.6.1/Pebble/lib/libpebble.a(tmpDC1Ifbpebble.o)
 .text.window_get_fullscreen
                0x0000000000000000        0xc /Users/edwinfinch/pebble-dev/PebbleSDK-2.6.1/Pebble/lib/libpebble.a(tmpDC1Ifbpebble.o)
 .text.window_is_loaded
                0x0000000000000000        0xc /Users/edwinfinch/pebble-dev/PebbleSDK-2.6.1/Pebble/lib/libpebble.a(tmpDC1Ifbpebble.o)
 .text.window_set_background_color
                0x0000000000000000        0xc /Users/edwinfinch/pebble-dev/PebbleSDK-2.6.1/Pebble/lib/libpebble.a(tmpDC1Ifbpebble.o)
 .text.window_set_click_config_provider
                0x0000000000000000        0xc /Users/edwinfinch/pebble-dev/PebbleSDK-2.6.1/Pebble/lib/libpebble.a(tmpDC1Ifbpebble.o)
 .text.window_set_click_config_provider_with_context
                0x0000000000000000        0xc /Users/edwinfinch/pebble-dev/PebbleSDK-2.6.1/Pebble/lib/libpebble.a(tmpDC1Ifbpebble.o)
 .text.window_set_fullscreen
                0x0000000000000000        0xc /Users/edwinfinch/pebble-dev/PebbleSDK-2.6.1/Pebble/lib/libpebble.a(tmpDC1Ifbpebble.o)
 .text.window_set_status_bar_icon
                0x0000000000000000        0xc /Users/edwinfinch/pebble-dev/PebbleSDK-2.6.1/Pebble/lib/libpebble.a(tmpDC1Ifbpebble.o)
 .text.window_stack_contains_window
                0x0000000000000000        0xc /Users/edwinfinch/pebble-dev/PebbleSDK-2.6.1/Pebble/lib/libpebble.a(tmpDC1Ifbpebble.o)
 .text.window_stack_get_top_window
                0x0000000000000000        0xc /Users/edwinfinch/pebble-dev/PebbleSDK-2.6.1/Pebble/lib/libpebble.a(tmpDC1Ifbpebble.o)
 .text.window_stack_pop
                0x0000000000000000        0xc /Users/edwinfinch/pebble-dev/PebbleSDK-2.6.1/Pebble/lib/libpebble.a(tmpDC1Ifbpebble.o)
 .text.window_stack_pop_all
                0x0000000000000000        0xc /Users/edwinfinch/pebble-dev/PebbleSDK-2.6.1/Pebble/lib/libpebble.a(tmpDC1Ifbpebble.o)
 .text.window_stack_remove
                0x0000000000000000        0xc /Users/edwinfinch/pebble-dev/PebbleSDK-2.6.1/Pebble/lib/libpebble.a(tmpDC1Ifbpebble.o)
 .text.app_focus_service_subscribe
                0x0000000000000000        0xc /Users/edwinfinch/pebble-dev/PebbleSDK-2.6.1/Pebble/lib/libpebble.a(tmpDC1Ifbpebble.o)
 .text.app_focus_service_unsubscribe
                0x0000000000000000        0xc /Users/edwinfinch/pebble-dev/PebbleSDK-2.6.1/Pebble/lib/libpebble.a(tmpDC1Ifbpebble.o)
 .text.window_get_user_data
                0x0000000000000000        0xc /Users/edwinfinch/pebble-dev/PebbleSDK-2.6.1/Pebble/lib/libpebble.a(tmpDC1Ifbpebble.o)
 .text.window_set_user_data
                0x0000000000000000        0xc /Users/edwinfinch/pebble-dev/PebbleSDK-2.6.1/Pebble/lib/libpebble.a(tmpDC1Ifbpebble.o)
 .text.app_message_get_context
                0x0000000000000000        0xc /Users/edwinfinch/pebble-dev/PebbleSDK-2.6.1/Pebble/lib/libpebble.a(tmpDC1Ifbpebble.o)
 .text.app_message_inbox_size_maximum
                0x0000000000000000        0xc /Users/edwinfinch/pebble-dev/PebbleSDK-2.6.1/Pebble/lib/libpebble.a(tmpDC1Ifbpebble.o)
 .text.app_message_outbox_begin
                0x0000000000000000        0xc /Users/edwinfinch/pebble-dev/PebbleSDK-2.6.1/Pebble/lib/libpebble.a(tmpDC1Ifbpebble.o)
 .text.app_message_outbox_send
                0x0000000000000000        0xc /Users/edwinfinch/pebble-dev/PebbleSDK-2.6.1/Pebble/lib/libpebble.a(tmpDC1Ifbpebble.o)
 .text.app_message_outbox_size_maximum
                0x0000000000000000        0xc /Users/edwinfinch/pebble-dev/PebbleSDK-2.6.1/Pebble/lib/libpebble.a(tmpDC1Ifbpebble.o)
 .text.app_message_register_inbox_dropped
                0x0000000000000000        0xc /Users/edwinfinch/pebble-dev/PebbleSDK-2.6.1/Pebble/lib/libpebble.a(tmpDC1Ifbpebble.o)
 .text.app_message_register_inbox_received
                0x0000000000000000        0xc /Users/edwinfinch/pebble-dev/PebbleSDK-2.6.1/Pebble/lib/libpebble.a(tmpDC1Ifbpebble.o)
 .text.app_message_register_outbox_failed
                0x0000000000000000        0xc /Users/edwinfinch/pebble-dev/PebbleSDK-2.6.1/Pebble/lib/libpebble.a(tmpDC1Ifbpebble.o)
 .text.app_message_register_outbox_sent
                0x0000000000000000        0xc /Users/edwinfinch/pebble-dev/PebbleSDK-2.6.1/Pebble/lib/libpebble.a(tmpDC1Ifbpebble.o)
 .text.app_message_set_context
                0x0000000000000000        0xc /Users/edwinfinch/pebble-dev/PebbleSDK-2.6.1/Pebble/lib/libpebble.a(tmpDC1Ifbpebble.o)
 .text.window_long_click_subscribe
                0x0000000000000000        0xc /Users/edwinfinch/pebble-dev/PebbleSDK-2.6.1/Pebble/lib/libpebble.a(tmpDC1Ifbpebble.o)
 .text.window_multi_click_subscribe
                0x0000000000000000        0xc /Users/edwinfinch/pebble-dev/PebbleSDK-2.6.1/Pebble/lib/libpebble.a(tmpDC1Ifbpebble.o)
 .text.window_raw_click_subscribe
                0x0000000000000000        0xc /Users/edwinfinch/pebble-dev/PebbleSDK-2.6.1/Pebble/lib/libpebble.a(tmpDC1Ifbpebble.o)
 .text.window_set_click_context
                0x0000000000000000        0xc /Users/edwinfinch/pebble-dev/PebbleSDK-2.6.1/Pebble/lib/libpebble.a(tmpDC1Ifbpebble.o)
 .text.window_single_click_subscribe
                0x0000000000000000        0xc /Users/edwinfinch/pebble-dev/PebbleSDK-2.6.1/Pebble/lib/libpebble.a(tmpDC1Ifbpebble.o)
 .text.window_single_repeating_click_subscribe
                0x0000000000000000        0xc /Users/edwinfinch/pebble-dev/PebbleSDK-2.6.1/Pebble/lib/libpebble.a(tmpDC1Ifbpebble.o)
 .text.graphics_draw_text
                0x0000000000000000        0xc /Users/edwinfinch/pebble-dev/PebbleSDK-2.6.1/Pebble/lib/libpebble.a(tmpDC1Ifbpebble.o)
 .text.dict_serialize_tuplets_to_buffer
                0x0000000000000000        0xc /Users/edwinfinch/pebble-dev/PebbleSDK-2.6.1/Pebble/lib/libpebble.a(tmpDC1Ifbpebble.o)
 .text.persist_read_data
                0x0000000000000000        0xc /Users/edwinfinch/pebble-dev/PebbleSDK-2.6.1/Pebble/lib/libpebble.a(tmpDC1Ifbpebble.o)
 .text.persist_read_string
                0x0000000000000000        0xc /Users/edwinfinch/pebble-dev/PebbleSDK-2.6.1/Pebble/lib/libpebble.a(tmpDC1Ifbpebble.o)
 .text.persist_write_data
                0x0000000000000000        0xc /Users/edwinfinch/pebble-dev/PebbleSDK-2.6.1/Pebble/lib/libpebble.a(tmpDC1Ifbpebble.o)
 .text.dict_size
                0x0000000000000000        0xc /Users/edwinfinch/pebble-dev/PebbleSDK-2.6.1/Pebble/lib/libpebble.a(tmpDC1Ifbpebble.o)
 .text.graphics_text_layout_get_content_size
                0x0000000000000000        0xc /Users/edwinfinch/pebble-dev/PebbleSDK-2.6.1/Pebble/lib/libpebble.a(tmpDC1Ifbpebble.o)
 .text.simple_menu_layer_get_menu_layer
                0x0000000000000000        0xc /Users/edwinfinch/pebble-dev/PebbleSDK-2.6.1/Pebble/lib/libpebble.a(tmpDC1Ifbpebble.o)
 .text.accel_data_service_subscribe
                0x0000000000000000        0xc /Users/edwinfinch/pebble-dev/PebbleSDK-2.6.1/Pebble/lib/libpebble.a(tmpDC1Ifbpebble.o)
 .text.calloc   0x0000000000000000        0xc /Users/edwinfinch/pebble-dev/PebbleSDK-2.6.1/Pebble/lib/libpebble.a(tmpDC1Ifbpebble.o)
 .text.bitmap_layer_get_bitmap
                0x0000000000000000        0xc /Users/edwinfinch/pebble-dev/PebbleSDK-2.6.1/Pebble/lib/libpebble.a(tmpDC1Ifbpebble.o)
 .text.menu_layer_set_callbacks
                0x0000000000000000        0xc /Users/edwinfinch/pebble-dev/PebbleSDK-2.6.1/Pebble/lib/libpebble.a(tmpDC1Ifbpebble.o)
 .text.window_get_click_config_context
                0x0000000000000000        0xc /Users/edwinfinch/pebble-dev/PebbleSDK-2.6.1/Pebble/lib/libpebble.a(tmpDC1Ifbpebble.o)
 .text.number_window_get_window
                0x0000000000000000        0xc /Users/edwinfinch/pebble-dev/PebbleSDK-2.6.1/Pebble/lib/libpebble.a(tmpDC1Ifbpebble.o)
 .text.realloc  0x0000000000000000        0xc /Users/edwinfinch/pebble-dev/PebbleSDK-2.6.1/Pebble/lib/libpebble.a(tmpDC1Ifbpebble.o)
 .text.gbitmap_create_blank
                0x0000000000000000        0xc /Users/edwinfinch/pebble-dev/PebbleSDK-2.6.1/Pebble/lib/libpebble.a(tmpDC1Ifbpebble.o)
 .text.click_recognizer_is_repeating
                0x0000000000000000        0xc /Users/edwinfinch/pebble-dev/PebbleSDK-2.6.1/Pebble/lib/libpebble.a(tmpDC1Ifbpebble.o)
 .text.accel_raw_data_service_subscribe
                0x0000000000000000        0xc /Users/edwinfinch/pebble-dev/PebbleSDK-2.6.1/Pebble/lib/libpebble.a(tmpDC1Ifbpebble.o)
 .text.app_worker_is_running
                0x0000000000000000        0xc /Users/edwinfinch/pebble-dev/PebbleSDK-2.6.1/Pebble/lib/libpebble.a(tmpDC1Ifbpebble.o)
 .text.app_worker_kill
                0x0000000000000000        0xc /Users/edwinfinch/pebble-dev/PebbleSDK-2.6.1/Pebble/lib/libpebble.a(tmpDC1Ifbpebble.o)
 .text.app_worker_launch
                0x0000000000000000        0xc /Users/edwinfinch/pebble-dev/PebbleSDK-2.6.1/Pebble/lib/libpebble.a(tmpDC1Ifbpebble.o)
 .text.app_worker_message_subscribe
                0x0000000000000000        0xc /Users/edwinfinch/pebble-dev/PebbleSDK-2.6.1/Pebble/lib/libpebble.a(tmpDC1Ifbpebble.o)
 .text.app_worker_message_unsubscribe
                0x0000000000000000        0xc /Users/edwinfinch/pebble-dev/PebbleSDK-2.6.1/Pebble/lib/libpebble.a(tmpDC1Ifbpebble.o)
 .text.app_worker_send_message
                0x0000000000000000        0xc /Users/edwinfinch/pebble-dev/PebbleSDK-2.6.1/Pebble/lib/libpebble.a(tmpDC1Ifbpebble.o)
 .text.worker_event_loop
                0x0000000000000000        0xc /Users/edwinfinch/pebble-dev/PebbleSDK-2.6.1/Pebble/lib/libpebble.a(tmpDC1Ifbpebble.o)
 .text.worker_launch_app
                0x0000000000000000        0xc /Users/edwinfinch/pebble-dev/PebbleSDK-2.6.1/Pebble/lib/libpebble.a(tmpDC1Ifbpebble.o)
 .text.heap_bytes_free
                0x0000000000000000        0xc /Users/edwinfinch/pebble-dev/PebbleSDK-2.6.1/Pebble/lib/libpebble.a(tmpDC1Ifbpebble.o)
 .text.heap_bytes_used
                0x0000000000000000        0xc /Users/edwinfinch/pebble-dev/PebbleSDK-2.6.1/Pebble/lib/libpebble.a(tmpDC1Ifbpebble.o)
 .text.compass_service_peek
                0x0000000000000000        0xc /Users/edwinfinch/pebble-dev/PebbleSDK-2.6.1/Pebble/lib/libpebble.a(tmpDC1Ifbpebble.o)
 .text.compass_service_set_heading_filter
                0x0000000000000000        0xc /Users/edwinfinch/pebble-dev/PebbleSDK-2.6.1/Pebble/lib/libpebble.a(tmpDC1Ifbpebble.o)
 .text.compass_service_subscribe
                0x0000000000000000        0xc /Users/edwinfinch/pebble-dev/PebbleSDK-2.6.1/Pebble/lib/libpebble.a(tmpDC1Ifbpebble.o)
 .text.compass_service_unsubscribe
                0x0000000000000000        0xc /Users/edwinfinch/pebble-dev/PebbleSDK-2.6.1/Pebble/lib/libpebble.a(tmpDC1Ifbpebble.o)
 .text.uuid_equal
                0x0000000000000000        0xc /Users/edwinfinch/pebble-dev/PebbleSDK-2.6.1/Pebble/lib/libpebble.a(tmpDC1Ifbpebble.o)
 .text.uuid_to_string
                0x0000000000000000        0xc /Users/edwinfinch/pebble-dev/PebbleSDK-2.6.1/Pebble/lib/libpebble.a(tmpDC1Ifbpebble.o)
 .text.gpath_draw_filled
                0x0000000000000000        0xc /Users/edwinfinch/pebble-dev/PebbleSDK-2.6.1/Pebble/lib/libpebble.a(tmpDC1Ifbpebble.o)
 .text.animation_set_custom_curve
                0x0000000000000000        0xc /Users/edwinfinch/pebble-dev/PebbleSDK-2.6.1/Pebble/lib/libpebble.a(tmpDC1Ifbpebble.o)
 .text.watch_info_get_color
                0x0000000000000000        0xc /Users/edwinfinch/pebble-dev/PebbleSDK-2.6.1/Pebble/lib/libpebble.a(tmpDC1Ifbpebble.o)
 .text.watch_info_get_firmware_version
                0x0000000000000000        0xc /Users/edwinfinch/pebble-dev/PebbleSDK-2.6.1/Pebble/lib/libpebble.a(tmpDC1Ifbpebble.o)
 .text.watch_info_get_model
                0x0000000000000000        0xc /Users/edwinfinch/pebble-dev/PebbleSDK-2.6.1/Pebble/lib/libpebble.a(tmpDC1Ifbpebble.o)
 .text.graphics_capture_frame_buffer
                0x0000000000000000        0xc /Users/edwinfinch/pebble-dev/PebbleSDK-2.6.1/Pebble/lib/libpebble.a(tmpDC1Ifbpebble.o)
 .text.graphics_frame_buffer_is_captured
                0x0000000000000000        0xc /Users/edwinfinch/pebble-dev/PebbleSDK-2.6.1/Pebble/lib/libpebble.a(tmpDC1Ifbpebble.o)
 .text.graphics_release_frame_buffer
                0x0000000000000000        0xc /Users/edwinfinch/pebble-dev/PebbleSDK-2.6.1/Pebble/lib/libpebble.a(tmpDC1Ifbpebble.o)
 .text          0x0000000000000000        0x0 /Users/edwinfinch/pebble-dev/PebbleSDK-2.6.1/arm-cs-tools/bin/../lib/gcc/arm-none-eabi/4.7.2/thumb2/crtend.o
 .bss           0x0000000000000000        0x0 /Users/edwinfinch/pebble-dev/PebbleSDK-2.6.1/arm-cs-tools/bin/../lib/gcc/arm-none-eabi/4.7.2/thumb2/crtend.o
 .eh_frame      0x0000000000000000        0x4 /Users/edwinfinch/pebble-dev/PebbleSDK-2.6.1/arm-cs-tools/bin/../lib/gcc/arm-none-eabi/4.7.2/thumb2/crtend.o
 .jcr           0x0000000000000000        0x4 /Users/edwinfinch/pebble-dev/PebbleSDK-2.6.1/arm-cs-tools/bin/../lib/gcc/arm-none-eabi/4.7.2/thumb2/crtend.o
 .tm_clone_table
                0x0000000000000000        0x0 /Users/edwinfinch/pebble-dev/PebbleSDK-2.6.1/arm-cs-tools/bin/../lib/gcc/arm-none-eabi/4.7.2/thumb2/crtend.o
 .text          0x0000000000000000        0x0 /Users/edwinfinch/pebble-dev/PebbleSDK-2.6.1/arm-cs-tools/bin/../lib/gcc/arm-none-eabi/4.7.2/thumb2/crtn.o
 .bss           0x0000000000000000        0x0 /Users/edwinfinch/pebble-dev/PebbleSDK-2.6.1/arm-cs-tools/bin/../lib/gcc/arm-none-eabi/4.7.2/thumb2/crtn.o
 .init          0x0000000000000000        0x8 /Users/edwinfinch/pebble-dev/PebbleSDK-2.6.1/arm-cs-tools/bin/../lib/gcc/arm-none-eabi/4.7.2/thumb2/crtn.o
 .fini          0x0000000000000000        0x8 /Users/edwinfinch/pebble-dev/PebbleSDK-2.6.1/arm-cs-tools/bin/../lib/gcc/arm-none-eabi/4.7.2/thumb2/crtn.o

Memory Configuration

Name             Origin             Length             Attributes
APP              0x0000000000000000 0x0000000000006000 xrw
*default*        0x0000000000000000 0xffffffffffffffff

Linker script and memory map

LOAD /Users/edwinfinch/pebble-dev/PebbleSDK-2.6.1/arm-cs-tools/bin/../lib/gcc/arm-none-eabi/4.7.2/thumb2/crti.o
LOAD /Users/edwinfinch/pebble-dev/PebbleSDK-2.6.1/arm-cs-tools/bin/../lib/gcc/arm-none-eabi/4.7.2/thumb2/crtbegin.o
LOAD src/main.c.11.o
LOAD appinfo.auto.c.11.o
LOAD /Users/edwinfinch/pebble-dev/PebbleSDK-2.6.1/Pebble/lib/libpebble.a
START GROUP
LOAD /Users/edwinfinch/pebble-dev/PebbleSDK-2.6.1/arm-cs-tools/bin/../lib/gcc/arm-none-eabi/4.7.2/thumb2/libgcc.a
LOAD /Users/edwinfinch/pebble-dev/PebbleSDK-2.6.1/arm-cs-tools/bin/../lib/gcc/arm-none-eabi/4.7.2/../../../../arm-none-eabi/lib/thumb2/libc.a
END GROUP
LOAD /Users/edwinfinch/pebble-dev/PebbleSDK-2.6.1/arm-cs-tools/bin/../lib/gcc/arm-none-eabi/4.7.2/thumb2/crtend.o
LOAD /Users/edwinfinch/pebble-dev/PebbleSDK-2.6.1/arm-cs-tools/bin/../lib/gcc/arm-none-eabi/4.7.2/thumb2/crtn.o

.header         0x0000000000000000       0x82
 *(.pbl_header)
 .pbl_header    0x0000000000000000       0x82 appinfo.auto.c.11.o
                0x0000000000000000                __pbl_app_info

.text           0x0000000000000084     0x1061
 *(.text)
 .text          0x0000000000000084       0x14 /Users/edwinfinch/pebble-dev/PebbleSDK-2.6.1/Pebble/lib/libpebble.a(tmpDC1Ifbpebble.o)
 *(.text.*)
 .text.window_unload
                0x0000000000000098       0x80 src/main.c.11.o
                0x0000000000000098                window_unload
 .text.handle_battery
                0x0000000000000118       0x60 src/main.c.11.o
                0x0000000000000118                handle_battery
 .text.on_animation_stopped
                0x0000000000000178       0x2c src/main.c.11.o
                0x0000000000000178                on_animation_stopped
 .text.textLayerInit.constprop.1
                0x00000000000001a4       0x3c src/main.c.11.o
 .text.animate_layer
                0x00000000000001e0       0x40 src/main.c.11.o
                0x00000000000001e0                animate_layer
 .text.tick_handler
                0x0000000000000220      0x21c src/main.c.11.o
                0x0000000000000220                tick_handler
 .text.glance_this
                0x000000000000043c       0xa8 src/main.c.11.o
                0x000000000000043c                glance_this
 .text.handle_bt
                0x00000000000004e4       0x60 src/main.c.11.o
                0x00000000000004e4                handle_bt
 .text.window_load
                0x0000000000000544      0x1a8 src/main.c.11.o
                0x0000000000000544                window_load
 .text.init     0x00000000000006ec      0x508 src/main.c.11.o
                0x00000000000006ec                init
 .text.deinit   0x0000000000000bf4       0x3c src/main.c.11.o
                0x0000000000000bf4                deinit
 .text.startup.main
                0x0000000000000c30       0x12 src/main.c.11.o
                0x0000000000000c30                main
 *fill*         0x0000000000000c42        0x2 
 .text.animation_schedule
                0x0000000000000c44        0xc /Users/edwinfinch/pebble-dev/PebbleSDK-2.6.1/Pebble/lib/libpebble.a(tmpDC1Ifbpebble.o)
                0x0000000000000c44                animation_schedule
 .text.animation_set_delay
                0x0000000000000c50        0xc /Users/edwinfinch/pebble-dev/PebbleSDK-2.6.1/Pebble/lib/libpebble.a(tmpDC1Ifbpebble.o)
                0x0000000000000c50                animation_set_delay
 .text.animation_set_duration
                0x0000000000000c5c        0xc /Users/edwinfinch/pebble-dev/PebbleSDK-2.6.1/Pebble/lib/libpebble.a(tmpDC1Ifbpebble.o)
                0x0000000000000c5c                animation_set_duration
 .text.animation_set_handlers
                0x0000000000000c68        0xc /Users/edwinfinch/pebble-dev/PebbleSDK-2.6.1/Pebble/lib/libpebble.a(tmpDC1Ifbpebble.o)
                0x0000000000000c68                animation_set_handlers
 .text.animation_unschedule_all
                0x0000000000000c74        0xc /Users/edwinfinch/pebble-dev/PebbleSDK-2.6.1/Pebble/lib/libpebble.a(tmpDC1Ifbpebble.o)
                0x0000000000000c74                animation_unschedule_all
 .text.app_event_loop
                0x0000000000000c80        0xc /Users/edwinfinch/pebble-dev/PebbleSDK-2.6.1/Pebble/lib/libpebble.a(tmpDC1Ifbpebble.o)
                0x0000000000000c80                app_event_loop
 .text.app_log  0x0000000000000c8c        0xc /Users/edwinfinch/pebble-dev/PebbleSDK-2.6.1/Pebble/lib/libpebble.a(tmpDC1Ifbpebble.o)
                0x0000000000000c8c                app_log
 .text.battery_state_service_peek
                0x0000000000000c98        0xc /Users/edwinfinch/pebble-dev/PebbleSDK-2.6.1/Pebble/lib/libpebble.a(tmpDC1Ifbpebble.o)
                0x0000000000000c98                battery_state_service_peek
 .text.battery_state_service_subscribe
                0x0000000000000ca4        0xc /Users/edwinfinch/pebble-dev/PebbleSDK-2.6.1/Pebble/lib/libpebble.a(tmpDC1Ifbpebble.o)
                0x0000000000000ca4                battery_state_service_subscribe
 .text.battery_state_service_unsubscribe
                0x0000000000000cb0        0xc /Users/edwinfinch/pebble-dev/PebbleSDK-2.6.1/Pebble/lib/libpebble.a(tmpDC1Ifbpebble.o)
                0x0000000000000cb0                battery_state_service_unsubscribe
 .text.bitmap_layer_create
                0x0000000000000cbc        0xc /Users/edwinfinch/pebble-dev/PebbleSDK-2.6.1/Pebble/lib/libpebble.a(tmpDC1Ifbpebble.o)
                0x0000000000000cbc                bitmap_layer_create
 .text.bitmap_layer_destroy
                0x0000000000000cc8        0xc /Users/edwinfinch/pebble-dev/PebbleSDK-2.6.1/Pebble/lib/libpebble.a(tmpDC1Ifbpebble.o)
                0x0000000000000cc8                bitmap_layer_destroy
 .text.bitmap_layer_get_layer
                0x0000000000000cd4        0xc /Users/edwinfinch/pebble-dev/PebbleSDK-2.6.1/Pebble/lib/libpebble.a(tmpDC1Ifbpebble.o)
                0x0000000000000cd4                bitmap_layer_get_layer
 .text.bitmap_layer_set_background_color
                0x0000000000000ce0        0xc /Users/edwinfinch/pebble-dev/PebbleSDK-2.6.1/Pebble/lib/libpebble.a(tmpDC1Ifbpebble.o)
                0x0000000000000ce0                bitmap_layer_set_background_color
 .text.bitmap_layer_set_bitmap
                0x0000000000000cec        0xc /Users/edwinfinch/pebble-dev/PebbleSDK-2.6.1/Pebble/lib/libpebble.a(tmpDC1Ifbpebble.o)
                0x0000000000000cec                bitmap_layer_set_bitmap
 .text.bluetooth_connection_service_peek
                0x0000000000000cf8        0xc /Users/edwinfinch/pebble-dev/PebbleSDK-2.6.1/Pebble/lib/libpebble.a(tmpDC1Ifbpebble.o)
                0x0000000000000cf8                bluetooth_connection_service_peek
 .text.bluetooth_connection_service_subscribe
                0x0000000000000d04        0xc /Users/edwinfinch/pebble-dev/PebbleSDK-2.6.1/Pebble/lib/libpebble.a(tmpDC1Ifbpebble.o)
                0x0000000000000d04                bluetooth_connection_service_subscribe
 .text.bluetooth_connection_service_unsubscribe
                0x0000000000000d10        0xc /Users/edwinfinch/pebble-dev/PebbleSDK-2.6.1/Pebble/lib/libpebble.a(tmpDC1Ifbpebble.o)
                0x0000000000000d10                bluetooth_connection_service_unsubscribe
 .text.clock_is_24h_style
                0x0000000000000d1c        0xc /Users/edwinfinch/pebble-dev/PebbleSDK-2.6.1/Pebble/lib/libpebble.a(tmpDC1Ifbpebble.o)
                0x0000000000000d1c                clock_is_24h_style
 .text.fonts_get_system_font
                0x0000000000000d28        0xc /Users/edwinfinch/pebble-dev/PebbleSDK-2.6.1/Pebble/lib/libpebble.a(tmpDC1Ifbpebble.o)
                0x0000000000000d28                fonts_get_system_font
 .text.fonts_load_custom_font
                0x0000000000000d34        0xc /Users/edwinfinch/pebble-dev/PebbleSDK-2.6.1/Pebble/lib/libpebble.a(tmpDC1Ifbpebble.o)
                0x0000000000000d34                fonts_load_custom_font
 .text.fonts_unload_custom_font
                0x0000000000000d40        0xc /Users/edwinfinch/pebble-dev/PebbleSDK-2.6.1/Pebble/lib/libpebble.a(tmpDC1Ifbpebble.o)
                0x0000000000000d40                fonts_unload_custom_font
 .text.gbitmap_create_with_resource
                0x0000000000000d4c        0xc /Users/edwinfinch/pebble-dev/PebbleSDK-2.6.1/Pebble/lib/libpebble.a(tmpDC1Ifbpebble.o)
                0x0000000000000d4c                gbitmap_create_with_resource
 .text.gbitmap_destroy
                0x0000000000000d58        0xc /Users/edwinfinch/pebble-dev/PebbleSDK-2.6.1/Pebble/lib/libpebble.a(tmpDC1Ifbpebble.o)
                0x0000000000000d58                gbitmap_destroy
 .text.inverter_layer_create
                0x0000000000000d64        0xc /Users/edwinfinch/pebble-dev/PebbleSDK-2.6.1/Pebble/lib/libpebble.a(tmpDC1Ifbpebble.o)
                0x0000000000000d64                inverter_layer_create
 .text.inverter_layer_destroy
                0x0000000000000d70        0xc /Users/edwinfinch/pebble-dev/PebbleSDK-2.6.1/Pebble/lib/libpebble.a(tmpDC1Ifbpebble.o)
                0x0000000000000d70                inverter_layer_destroy
 .text.layer_add_child
                0x0000000000000d7c        0xc /Users/edwinfinch/pebble-dev/PebbleSDK-2.6.1/Pebble/lib/libpebble.a(tmpDC1Ifbpebble.o)
                0x0000000000000d7c                layer_add_child
 .text.localtime
                0x0000000000000d88        0xc /Users/edwinfinch/pebble-dev/PebbleSDK-2.6.1/Pebble/lib/libpebble.a(tmpDC1Ifbpebble.o)
                0x0000000000000d88                localtime
 .text.memset   0x0000000000000d94        0xc /Users/edwinfinch/pebble-dev/PebbleSDK-2.6.1/Pebble/lib/libpebble.a(tmpDC1Ifbpebble.o)
                0x0000000000000d94                memset
 .text.persist_exists
                0x0000000000000da0        0xc /Users/edwinfinch/pebble-dev/PebbleSDK-2.6.1/Pebble/lib/libpebble.a(tmpDC1Ifbpebble.o)
                0x0000000000000da0                persist_exists
 .text.persist_read_int
                0x0000000000000dac        0xc /Users/edwinfinch/pebble-dev/PebbleSDK-2.6.1/Pebble/lib/libpebble.a(tmpDC1Ifbpebble.o)
                0x0000000000000dac                persist_read_int
 .text.persist_write_int
                0x0000000000000db8        0xc /Users/edwinfinch/pebble-dev/PebbleSDK-2.6.1/Pebble/lib/libpebble.a(tmpDC1Ifbpebble.o)
                0x0000000000000db8                persist_write_int
 .text.property_animation_create_layer_frame
                0x0000000000000dc4        0xc /Users/edwinfinch/pebble-dev/PebbleSDK-2.6.1/Pebble/lib/libpebble.a(tmpDC1Ifbpebble.o)
                0x0000000000000dc4                property_animation_create_layer_frame
 .text.property_animation_destroy
                0x0000000000000dd0        0xc /Users/edwinfinch/pebble-dev/PebbleSDK-2.6.1/Pebble/lib/libpebble.a(tmpDC1Ifbpebble.o)
                0x0000000000000dd0                property_animation_destroy
 .text.rand     0x0000000000000ddc        0xc /Users/edwinfinch/pebble-dev/PebbleSDK-2.6.1/Pebble/lib/libpebble.a(tmpDC1Ifbpebble.o)
                0x0000000000000ddc                rand
 .text.resource_get_handle
                0x0000000000000de8        0xc /Users/edwinfinch/pebble-dev/PebbleSDK-2.6.1/Pebble/lib/libpebble.a(tmpDC1Ifbpebble.o)
                0x0000000000000de8                resource_get_handle
 .text.snprintf
                0x0000000000000df4        0xc /Users/edwinfinch/pebble-dev/PebbleSDK-2.6.1/Pebble/lib/libpebble.a(tmpDC1Ifbpebble.o)
                0x0000000000000df4                snprintf
 .text.srand    0x0000000000000e00        0xc /Users/edwinfinch/pebble-dev/PebbleSDK-2.6.1/Pebble/lib/libpebble.a(tmpDC1Ifbpebble.o)
                0x0000000000000e00                srand
 .text.strcpy   0x0000000000000e0c        0xc /Users/edwinfinch/pebble-dev/PebbleSDK-2.6.1/Pebble/lib/libpebble.a(tmpDC1Ifbpebble.o)
                0x0000000000000e0c                strcpy
 .text.strftime
                0x0000000000000e18        0xc /Users/edwinfinch/pebble-dev/PebbleSDK-2.6.1/Pebble/lib/libpebble.a(tmpDC1Ifbpebble.o)
                0x0000000000000e18                strftime
 .text.text_layer_create
                0x0000000000000e24        0xc /Users/edwinfinch/pebble-dev/PebbleSDK-2.6.1/Pebble/lib/libpebble.a(tmpDC1Ifbpebble.o)
                0x0000000000000e24                text_layer_create
 .text.text_layer_destroy
                0x0000000000000e30        0xc /Users/edwinfinch/pebble-dev/PebbleSDK-2.6.1/Pebble/lib/libpebble.a(tmpDC1Ifbpebble.o)
                0x0000000000000e30                text_layer_destroy
 .text.text_layer_get_layer
                0x0000000000000e3c        0xc /Users/edwinfinch/pebble-dev/PebbleSDK-2.6.1/Pebble/lib/libpebble.a(tmpDC1Ifbpebble.o)
                0x0000000000000e3c                text_layer_get_layer
 .text.text_layer_set_background_color
                0x0000000000000e48        0xc /Users/edwinfinch/pebble-dev/PebbleSDK-2.6.1/Pebble/lib/libpebble.a(tmpDC1Ifbpebble.o)
                0x0000000000000e48                text_layer_set_background_color
 .text.text_layer_set_font
                0x0000000000000e54        0xc /Users/edwinfinch/pebble-dev/PebbleSDK-2.6.1/Pebble/lib/libpebble.a(tmpDC1Ifbpebble.o)
                0x0000000000000e54                text_layer_set_font
 .text.text_layer_set_text
                0x0000000000000e60        0xc /Users/edwinfinch/pebble-dev/PebbleSDK-2.6.1/Pebble/lib/libpebble.a(tmpDC1Ifbpebble.o)
                0x0000000000000e60                text_layer_set_text
 .text.text_layer_set_text_alignment
                0x0000000000000e6c        0xc /Users/edwinfinch/pebble-dev/PebbleSDK-2.6.1/Pebble/lib/libpebble.a(tmpDC1Ifbpebble.o)
                0x0000000000000e6c                text_layer_set_text_alignment
 .text.text_layer_set_text_color
                0x0000000000000e78        0xc /Users/edwinfinch/pebble-dev/PebbleSDK-2.6.1/Pebble/lib/libpebble.a(tmpDC1Ifbpebble.o)
                0x0000000000000e78                text_layer_set_text_color
 .text.tick_timer_service_subscribe
                0x0000000000000e84        0xc /Users/edwinfinch/pebble-dev/PebbleSDK-2.6.1/Pebble/lib/libpebble.a(tmpDC1Ifbpebble.o)
                0x0000000000000e84                tick_timer_service_subscribe
 .text.tick_timer_service_unsubscribe
                0x0000000000000e90        0xc /Users/edwinfinch/pebble-dev/PebbleSDK-2.6.1/Pebble/lib/libpebble.a(tmpDC1Ifbpebble.o)
                0x0000000000000e90                tick_timer_service_unsubscribe
 .text.time     0x0000000000000e9c        0xc /Users/edwinfinch/pebble-dev/PebbleSDK-2.6.1/Pebble/lib/libpebble.a(tmpDC1Ifbpebble.o)
                0x0000000000000e9c                time
 .text.vibes_double_pulse
                0x0000000000000ea8        0xc /Users/edwinfinch/pebble-dev/PebbleSDK-2.6.1/Pebble/lib/libpebble.a(tmpDC1Ifbpebble.o)
                0x0000000000000ea8                vibes_double_pulse
 .text.vibes_long_pulse
                0x0000000000000eb4        0xc /Users/edwinfinch/pebble-dev/PebbleSDK-2.6.1/Pebble/lib/libpebble.a(tmpDC1Ifbpebble.o)
                0x0000000000000eb4                vibes_long_pulse
 .text.vibes_short_pulse
                0x0000000000000ec0        0xc /Users/edwinfinch/pebble-dev/PebbleSDK-2.6.1/Pebble/lib/libpebble.a(tmpDC1Ifbpebble.o)
                0x0000000000000ec0                vibes_short_pulse
 .text.window_create
                0x0000000000000ecc        0xc /Users/edwinfinch/pebble-dev/PebbleSDK-2.6.1/Pebble/lib/libpebble.a(tmpDC1Ifbpebble.o)
                0x0000000000000ecc                window_create
 .text.window_destroy
                0x0000000000000ed8        0xc /Users/edwinfinch/pebble-dev/PebbleSDK-2.6.1/Pebble/lib/libpebble.a(tmpDC1Ifbpebble.o)
                0x0000000000000ed8                window_destroy
 .text.window_get_root_layer
                0x0000000000000ee4        0xc /Users/edwinfinch/pebble-dev/PebbleSDK-2.6.1/Pebble/lib/libpebble.a(tmpDC1Ifbpebble.o)
                0x0000000000000ee4                window_get_root_layer
 .text.window_set_window_handlers
                0x0000000000000ef0        0xc /Users/edwinfinch/pebble-dev/PebbleSDK-2.6.1/Pebble/lib/libpebble.a(tmpDC1Ifbpebble.o)
                0x0000000000000ef0                window_set_window_handlers
 .text.window_stack_push
                0x0000000000000efc        0xc /Users/edwinfinch/pebble-dev/PebbleSDK-2.6.1/Pebble/lib/libpebble.a(tmpDC1Ifbpebble.o)
                0x0000000000000efc                window_stack_push
 *(.rodata)
 .rodata        0x0000000000000f08      0x110 src/main.c.11.o
 *(.rodata*)
 .rodata.str1.1
                0x0000000000001018       0xcd src/main.c.11.o

.glue_7         0x00000000000010e8        0x0
 .glue_7        0x0000000000000000        0x0 linker stubs

.glue_7t        0x00000000000010e8        0x0
 .glue_7t       0x0000000000000000        0x0 linker stubs

.vfp11_veneer   0x00000000000010e8        0x0
 .vfp11_veneer  0x0000000000000000        0x0 linker stubs

.v4_bx          0x00000000000010e8        0x0
 .v4_bx         0x0000000000000000        0x0 linker stubs

.iplt           0x00000000000010e8        0x0
 .iplt          0x0000000000000000        0x0 /Users/edwinfinch/pebble-dev/PebbleSDK-2.6.1/arm-cs-tools/bin/../lib/gcc/arm-none-eabi/4.7.2/thumb2/crtbegin.o

.rel.dyn        0x00000000000010e8        0x0
 .rel.iplt      0x0000000000000000        0x0 /Users/edwinfinch/pebble-dev/PebbleSDK-2.6.1/arm-cs-tools/bin/../lib/gcc/arm-none-eabi/4.7.2/thumb2/crtbegin.o
 .rel.got       0x0000000000000000        0x0 /Users/edwinfinch/pebble-dev/PebbleSDK-2.6.1/arm-cs-tools/bin/../lib/gcc/arm-none-eabi/4.7.2/thumb2/crtbegin.o

.data           0x00000000000010e8       0x21
 *(.data)
 .data          0x00000000000010e8        0x0 /Users/edwinfinch/pebble-dev/PebbleSDK-2.6.1/arm-cs-tools/bin/../lib/gcc/arm-none-eabi/4.7.2/thumb2/crti.o
 .data          0x00000000000010e8        0x4 /Users/edwinfinch/pebble-dev/PebbleSDK-2.6.1/arm-cs-tools/bin/../lib/gcc/arm-none-eabi/4.7.2/thumb2/crtbegin.o
                0x00000000000010e8                __dso_handle
 .data          0x00000000000010ec        0x0 src/main.c.11.o
 .data          0x00000000000010ec        0x0 appinfo.auto.c.11.o
 .data          0x00000000000010ec        0x0 /Users/edwinfinch/pebble-dev/PebbleSDK-2.6.1/Pebble/lib/libpebble.a(tmpDC1Ifbpebble.o)
 .data          0x00000000000010ec        0x0 /Users/edwinfinch/pebble-dev/PebbleSDK-2.6.1/arm-cs-tools/bin/../lib/gcc/arm-none-eabi/4.7.2/thumb2/crtend.o
 .data          0x00000000000010ec        0x0 /Users/edwinfinch/pebble-dev/PebbleSDK-2.6.1/arm-cs-tools/bin/../lib/gcc/arm-none-eabi/4.7.2/thumb2/crtn.o
 *(.data.*)
 .data.timeBuffer
                0x00000000000010ec        0x6 src/main.c.11.o
                0x00000000000010ec                timeBuffer
 *fill*         0x00000000000010f2        0x2 
 .data.num_animation
                0x00000000000010f4        0x4 src/main.c.11.o
 .data.battery_text.6672
                0x00000000000010f8        0x5 src/main.c.11.o
 .data.dateBuffer
                0x00000000000010fd        0xc src/main.c.11.o
                0x00000000000010fd                dateBuffer

.igot.plt       0x000000000000110c        0x0
 .igot.plt      0x0000000000000000        0x0 /Users/edwinfinch/pebble-dev/PebbleSDK-2.6.1/arm-cs-tools/bin/../lib/gcc/arm-none-eabi/4.7.2/thumb2/crtbegin.o

.got            0x000000000000110c       0x20
 .got           0x000000000000110c       0x20 /Users/edwinfinch/pebble-dev/PebbleSDK-2.6.1/arm-cs-tools/bin/../lib/gcc/arm-none-eabi/4.7.2/thumb2/crtbegin.o

.got.plt        0x000000000000112c        0xc
 .got.plt       0x000000000000112c        0xc /Users/edwinfinch/pebble-dev/PebbleSDK-2.6.1/arm-cs-tools/bin/../lib/gcc/arm-none-eabi/4.7.2/thumb2/crtbegin.o
                0x000000000000112c                _GLOBAL_OFFSET_TABLE_

.bss            0x0000000000001138       0x2c
 *(.bss)
 *(.bss.*)
 .bss.animationNumber
                0x0000000000001138        0x4 src/main.c.11.o
                0x0000000000001138                animationNumber
 .bss.trek20    0x000000000000113c        0x4 src/main.c.11.o
 .bss.booted    0x0000000000001140        0x1 src/main.c.11.o
                0x0000000000001140                booted
 .bss.did58Animate
                0x0000000000001141        0x1 src/main.c.11.o
                0x0000000000001141                did58Animate
 *fill*         0x0000000000001142        0x2 
 COMMON         0x0000000000001144       0x20 src/main.c.11.o
                0x0000000000001144                invert_layer
                0x0000000000001148                bt_connected_layer
                0x000000000000114c                text_layer
                0x0000000000001150                update_at_a_glance
                0x0000000000001154                window
                0x0000000000001158                bt_connected
                0x000000000000115c                date_text_layer
                0x0000000000001160                battery_text_layer

DISCARD
 libc.a(*)
 libm.a(*)
 libgcc.a(*)
 *(.eh_frame)
OUTPUT(/Users/edwinfinch/pebble-projects/clean/build/pebble-app.elf elf32-littlearm)

.ARM.attributes
                0x0000000000000000       0x27
 .ARM.attributes
                0x0000000000000000       0x19 /Users/edwinfinch/pebble-dev/PebbleSDK-2.6.1/arm-cs-tools/bin/../lib/gcc/arm-none-eabi/4.7.2/thumb2/crti.o
 .ARM.attributes
                0x0000000000000019       0x29 /Users/edwinfinch/pebble-dev/PebbleSDK-2.6.1/arm-cs-tools/bin/../lib/gcc/arm-none-eabi/4.7.2/thumb2/crtbegin.o
 .ARM.attributes
                0x0000000000000042       0x33 src/main.c.11.o
 .ARM.attributes
                0x0000000000000075       0x33 appinfo.auto.c.11.o
 .ARM.attributes
                0x00000000000000a8       0x21 /Users/edwinfinch/pebble-dev/PebbleSDK-2.6.1/Pebble/lib/libpebble.a(tmpDC1Ifbpebble.o)
 .ARM.attributes
                0x00000000000000c9       0x29 /Users/edwinfinch/pebble-dev/PebbleSDK-2.6.1/arm-cs-tools/bin/../lib/gcc/arm-none-eabi/4.7.2/thumb2/crtend.o
 .ARM.attributes
                0x00000000000000f2       0x19 /Users/edwinfinch/pebble-dev/PebbleSDK-2.6.1/arm-cs-tools/bin/../lib/gcc/arm-none-eabi/4.7.2/thumb2/crtn.o

.comment        0x0000000000000000       0x4e
 .comment       0x0000000000000000       0x4e /Users/edwinfinch/pebble-dev/PebbleSDK-2.6.1/arm-cs-tools/bin/../lib/gcc/arm-none-eabi/4.7.2/thumb2/crtbegin.o
                                         0x4f (size before relaxing)
 .comment       0x0000000000000000       0x4f src/main.c.11.o
 .comment       0x0000000000000000       0x4f appinfo.auto.c.11.o
 .comment       0x0000000000000000       0x4f /Users/edwinfinch/pebble-dev/PebbleSDK-2.6.1/arm-cs-tools/bin/../lib/gcc/arm-none-eabi/4.7.2/thumb2/crtend.o

.debug_info     0x0000000000000000     0x24ec
 .debug_info    0x0000000000000000     0x21a5 src/main.c.11.o
 .debug_info    0x00000000000021a5      0x347 appinfo.auto.c.11.o

.debug_abbrev   0x0000000000000000      0x49f
 .debug_abbrev  0x0000000000000000      0x401 src/main.c.11.o
 .debug_abbrev  0x0000000000000401       0x9e appinfo.auto.c.11.o

.debug_loc      0x0000000000000000      0x570
 .debug_loc     0x0000000000000000      0x570 src/main.c.11.o

.debug_aranges  0x0000000000000000       0x90
 .debug_aranges
                0x0000000000000000       0x78 src/main.c.11.o
 .debug_aranges
                0x0000000000000078       0x18 appinfo.auto.c.11.o

.debug_ranges   0x0000000000000000       0x68
 .debug_ranges  0x0000000000000000       0x68 src/main.c.11.o

.debug_line     0x0000000000000000      0x5b6
 .debug_line    0x0000000000000000      0x48c src/main.c.11.o
 .debug_line    0x000000000000048c      0x12a appinfo.auto.c.11.o

.debug_str      0x0000000000000000      0xfc0
 .debug_str     0x0000000000000000      0xdb4 src/main.c.11.o
                                        0xea4 (size before relaxing)
 .debug_str     0x0000000000000db4      0x20c appinfo.auto.c.11.o
                                        0x384 (size before relaxing)

.debug_frame    0x0000000000000000      0x170
 .debug_frame   0x0000000000000000      0x170 src/main.c.11.o
